Starting the development server...

Compiled with warnings.

[eslint] 
src\pages\ContractsPage.js
  Line 8:10:  'machines' is assigned a value but never used  no-unused-vars

src\pages\CountersPage.js
  Line 8:10:  'selectedMachine' is assigned a value but never used  no-unused-vars

src\pages\DeliveryNotesPage.js
  Line 3:58:   'FiX' is defined but never used                                                                                       no-unused-vars
  Line 11:10:  'selectedNote' is assigned a value but never used                                                                     no-unused-vars
  Line 11:24:  'setSelectedNote' is assigned a value but never used                                                                  no-unused-vars
  Line 26:6:   React Hook useEffect has a missing dependency: 'loadDeliveryNotes'. Either include it or remove the dependency array  react-hooks/exhaustive-deps

src\pages\OSPage.js
  Line 3:37:  'FiCheckCircle' is defined but never used         no-unused-vars
  Line 9:10:  'technicians' is assigned a value but never used  no-unused-vars

src\pages\TechnicianOSPage.js
  Line 17:6:  React Hook useEffect has a missing dependency: 'loadPendingOS'. Either include it or remove the dependency array  react-hooks/exhaustive-deps

Search for the keywords to learn more about each warning.
To ignore, add // eslint-disable-next-line to the line before.

[1m[33mWARNING[39m[22m in [1m[eslint] 
src\pages\ContractsPage.js
  Line 8:10:  'machines' is assigned a value but never used  no-unused-vars

src\pages\CountersPage.js
  Line 8:10:  'selectedMachine' is assigned a value but never used  no-unused-vars

src\pages\DeliveryNotesPage.js
  Line 3:58:   'FiX' is defined but never used                                                                                       no-unused-vars
  Line 11:10:  'selectedNote' is assigned a value but never used                                                                     no-unused-vars
  Line 11:24:  'setSelectedNote' is assigned a value but never used                                                                  no-unused-vars
  Line 26:6:   React Hook useEffect has a missing dependency: 'loadDeliveryNotes'. Either include it or remove the dependency array  react-hooks/exhaustive-deps

src\pages\OSPage.js
  Line 3:37:  'FiCheckCircle' is defined but never used         no-unused-vars
  Line 9:10:  'technicians' is assigned a value but never used  no-unused-vars

src\pages\TechnicianOSPage.js
  Line 17:6:  React Hook useEffect has a missing dependency: 'loadPendingOS'. Either include it or remove the dependency array  react-hooks/exhaustive-deps

[39m[22m

webpack compiled with [1m[33m1 warning[39m[22m
